<html>
<body>
<pre>
<h1>µVision Build Log</h1>
<h2>Project:</h2>
W:\github\LINDIY\05_Software\01_MC\ide\KEIL4\lindiy.uvproj
Project File Date:  05/14/2018

<h2>Output:</h2>
Build target 'STM32F072C8T6'
assembling startup_stm32f072.s...
creating preprocessor file for stm32f0xx_adc.c...
compiling stm32f0xx_adc.c...
creating preprocessor file for stm32f0xx_can.c...
compiling stm32f0xx_can.c...
creating preprocessor file for stm32f0xx_cec.c...
compiling stm32f0xx_cec.c...
creating preprocessor file for stm32f0xx_comp.c...
compiling stm32f0xx_comp.c...
creating preprocessor file for stm32f0xx_crc.c...
compiling stm32f0xx_crc.c...
creating preprocessor file for stm32f0xx_crs.c...
compiling stm32f0xx_crs.c...
creating preprocessor file for stm32f0xx_dac.c...
compiling stm32f0xx_dac.c...
creating preprocessor file for stm32f0xx_dbgmcu.c...
compiling stm32f0xx_dbgmcu.c...
creating preprocessor file for stm32f0xx_dma.c...
compiling stm32f0xx_dma.c...
creating preprocessor file for stm32f0xx_exti.c...
compiling stm32f0xx_exti.c...
creating preprocessor file for stm32f0xx_flash.c...
compiling stm32f0xx_flash.c...
creating preprocessor file for stm32f0xx_gpio.c...
compiling stm32f0xx_gpio.c...
creating preprocessor file for stm32f0xx_i2c.c...
compiling stm32f0xx_i2c.c...
creating preprocessor file for stm32f0xx_iwdg.c...
compiling stm32f0xx_iwdg.c...
creating preprocessor file for stm32f0xx_misc.c...
compiling stm32f0xx_misc.c...
creating preprocessor file for stm32f0xx_pwr.c...
compiling stm32f0xx_pwr.c...
creating preprocessor file for stm32f0xx_rcc.c...
compiling stm32f0xx_rcc.c...
creating preprocessor file for stm32f0xx_rtc.c...
compiling stm32f0xx_rtc.c...
creating preprocessor file for stm32f0xx_spi.c...
compiling stm32f0xx_spi.c...
creating preprocessor file for stm32f0xx_syscfg.c...
compiling stm32f0xx_syscfg.c...
creating preprocessor file for stm32f0xx_tim.c...
compiling stm32f0xx_tim.c...
creating preprocessor file for stm32f0xx_usart.c...
compiling stm32f0xx_usart.c...
creating preprocessor file for stm32f0xx_wwdg.c...
compiling stm32f0xx_wwdg.c...
creating preprocessor file for main.c...
compiling main.c...
creating preprocessor file for stm32f0xx_it.c...
compiling stm32f0xx_it.c...
creating preprocessor file for system_stm32f0xx.c...
compiling system_stm32f0xx.c...
linking...
Program Size: Code=412 RO-data=208 RW-data=0 ZI-data=1024  
FromELF: creating hex file...
"..\..\out\lindiy.axf" - 0 Error(s), 0 Warning(s).
